// Jest Snapshot v1, https://goo.gl/fbAQLP

exports[`работа Order 1`] = `
<div
  className="Order"
/>
`;
